
===========================================================================
report_checks -unconstrained
===========================================================================
======================= nom_tt_025C_1v80 Corner ===================================

Startpoint: operand_a[1] (input port clocked by clk)
Endpoint: zero (output port clocked by clk)
Path Group: clk
Path Type: max

Fanout         Cap        Slew       Delay        Time   Description
---------------------------------------------------------------------------------------------
                      0.000000    0.000000    0.000000   clock clk (rise edge)
                                  0.000000    0.000000   clock network delay (ideal)
                                  2.000000    2.000000 v input external delay
     1    0.002490    0.007910    0.003914    2.003914 v operand_a[1] (in)
                                                         operand_a[1] (net)
                      0.007910    0.000000    2.003914 v input7/A (sky130_fd_sc_hd__buf_2)
     4    0.028638    0.077437    0.153356    2.157271 v input7/X (sky130_fd_sc_hd__buf_2)
                                                         net7 (net)
                      0.077491    0.001847    2.159118 v _079_/A (sky130_fd_sc_hd__xnor2_4)
     7    0.029204    0.261248    0.277108    2.436225 ^ _079_/Y (sky130_fd_sc_hd__xnor2_4)
                                                         _012_ (net)
                      0.261334    0.000589    2.436815 ^ _082_/A1 (sky130_fd_sc_hd__a21o_1)
     2    0.012175    0.113630    0.208152    2.644966 ^ _082_/X (sky130_fd_sc_hd__a21o_1)
                                                         _015_ (net)
                      0.113630    0.000477    2.645443 ^ _084_/A2 (sky130_fd_sc_hd__a21o_1)
     3    0.015066    0.137479    0.197628    2.843072 ^ _084_/X (sky130_fd_sc_hd__a21o_1)
                                                         _017_ (net)
                      0.137479    0.000471    2.843543 ^ _085_/B (sky130_fd_sc_hd__nand2b_1)
     1    0.008364    0.076827    0.105943    2.949486 v _085_/Y (sky130_fd_sc_hd__nand2b_1)
                                                         _018_ (net)
                      0.076827    0.000299    2.949785 v _099_/A2 (sky130_fd_sc_hd__a32o_1)
     1    0.003889    0.046107    0.258351    3.208136 v _099_/X (sky130_fd_sc_hd__a32o_1)
                                                         _032_ (net)
                      0.046107    0.000123    3.208260 v _100_/A (sky130_fd_sc_hd__or3b_1)
     2    0.011767    0.111571    0.430552    3.638812 v _100_/X (sky130_fd_sc_hd__or3b_1)
                                                         net15 (net)
                      0.111571    0.000564    3.639376 v _135_/A (sky130_fd_sc_hd__nor4_1)
     1    0.003072    0.226562    0.291701    3.931077 ^ _135_/Y (sky130_fd_sc_hd__nor4_1)
                                                         net19 (net)
                      0.226562    0.000064    3.931141 ^ output19/A (sky130_fd_sc_hd__buf_2)
     1    0.034067    0.169804    0.254120    4.185261 ^ output19/X (sky130_fd_sc_hd__buf_2)
                                                         zero (net)
                      0.169805    0.000657    4.185918 ^ zero (out)
                                              4.185918   data arrival time

                      0.000000   10.000000   10.000000   clock clk (rise edge)
                                  0.000000   10.000000   clock network delay (ideal)
                                 -0.250000    9.750000   clock uncertainty
                                  0.000000    9.750000   clock reconvergence pessimism
                                 -2.000000    7.750000   output external delay
                                              7.750000   data required time
---------------------------------------------------------------------------------------------
                                              7.750000   data required time
                                             -4.185918   data arrival time
---------------------------------------------------------------------------------------------
                                              3.564082   slack (MET)




===========================================================================
report_checks --slack_max -0.01
============================================================================
======================= nom_tt_025C_1v80 Corner ===================================

No paths found.


===========================================================================
 report_check_types -max_slew -max_cap -max_fanout -violators
============================================================================
======================= nom_tt_025C_1v80 Corner ===================================



===========================================================================
report_parasitic_annotation -report_unannotated
============================================================================
Found 0 unannotated drivers.
Found 0 partially unannotated drivers.

===========================================================================
max slew violation count 0
max fanout violation count 0
max cap violation count 0
============================================================================

===========================================================================
check_setup -verbose -unconstrained_endpoints -multiple_clock -no_clock -no_input_delay -loops -generated_clocks
===========================================================================
