
===========================================================================
 report_power
============================================================================
======================= nom_tt_025C_1v80 Corner ===================================

Group                    Internal    Switching      Leakage        Total
                            Power        Power        Power        Power (Watts)
------------------------------------------------------------------------
Sequential           0.000000e+00 0.000000e+00 0.000000e+00 0.000000e+00   0.0%
Combinational        1.780016e-05 3.020876e-05 3.403018e-10 4.800927e-05 100.0%
Clock                4.617813e-11 0.000000e+00 4.212099e-10 4.673880e-10   0.0%
Macro                0.000000e+00 0.000000e+00 0.000000e+00 0.000000e+00   0.0%
Pad                  0.000000e+00 0.000000e+00 0.000000e+00 0.000000e+00   0.0%
------------------------------------------------------------------------
Total                1.780021e-05 3.020876e-05 7.615117e-10 4.800973e-05 100.0%
                            37.1%        62.9%         0.0%

