
===========================================================================
report_checks -unconstrained
===========================================================================
======================= min_tt_025C_1v80 Corner ===================================

Startpoint: operand_a[1] (input port clocked by clk)
Endpoint: zero (output port clocked by clk)
Path Group: clk
Path Type: max

Fanout         Cap        Slew       Delay        Time   Description
---------------------------------------------------------------------------------------------
                      0.000000    0.000000    0.000000   clock clk (rise edge)
                                  0.000000    0.000000   clock network delay (ideal)
                                  2.000000    2.000000 v input external delay
     1    0.002433    0.007786    0.003803    2.003803 v operand_a[1] (in)
                                                         operand_a[1] (net)
                      0.007786    0.000000    2.003803 v input7/A (sky130_fd_sc_hd__buf_2)
     4    0.028123    0.076481    0.152728    2.156532 v input7/X (sky130_fd_sc_hd__buf_2)
                                                         net7 (net)
                      0.076501    0.001174    2.157706 v _079_/A (sky130_fd_sc_hd__xnor2_4)
     7    0.028327    0.255636    0.272776    2.430482 ^ _079_/Y (sky130_fd_sc_hd__xnor2_4)
                                                         _012_ (net)
                      0.255636    0.000230    2.430712 ^ _082_/A1 (sky130_fd_sc_hd__a21o_1)
     2    0.011675    0.109451    0.204148    2.634861 ^ _082_/X (sky130_fd_sc_hd__a21o_1)
                                                         _015_ (net)
                      0.109451    0.000277    2.635138 ^ _084_/A2 (sky130_fd_sc_hd__a21o_1)
     3    0.014550    0.133153    0.193509    2.828647 ^ _084_/X (sky130_fd_sc_hd__a21o_1)
                                                         _017_ (net)
                      0.133153    0.000255    2.828902 ^ _085_/B (sky130_fd_sc_hd__nand2b_1)
     1    0.007705    0.072969    0.100947    2.929849 v _085_/Y (sky130_fd_sc_hd__nand2b_1)
                                                         _018_ (net)
                      0.072969    0.000189    2.930039 v _099_/A2 (sky130_fd_sc_hd__a32o_1)
     1    0.003639    0.045176    0.255368    3.185406 v _099_/X (sky130_fd_sc_hd__a32o_1)
                                                         _032_ (net)
                      0.045176    0.000056    3.185462 v _100_/A (sky130_fd_sc_hd__or3b_1)
     2    0.011201    0.108939    0.427380    3.612842 v _100_/X (sky130_fd_sc_hd__or3b_1)
                                                         net15 (net)
                      0.108939    0.000370    3.613212 v _135_/A (sky130_fd_sc_hd__nor4_1)
     1    0.002932    0.226543    0.286883    3.900095 ^ _135_/Y (sky130_fd_sc_hd__nor4_1)
                                                         net19 (net)
                      0.226543    0.000022    3.900117 ^ output19/A (sky130_fd_sc_hd__buf_2)
     1    0.034027    0.169523    0.254302    4.154419 ^ output19/X (sky130_fd_sc_hd__buf_2)
                                                         zero (net)
                      0.169523    0.000200    4.154619 ^ zero (out)
                                              4.154619   data arrival time

                      0.000000   10.000000   10.000000   clock clk (rise edge)
                                  0.000000   10.000000   clock network delay (ideal)
                                 -0.250000    9.750000   clock uncertainty
                                  0.000000    9.750000   clock reconvergence pessimism
                                 -2.000000    7.750000   output external delay
                                              7.750000   data required time
---------------------------------------------------------------------------------------------
                                              7.750000   data required time
                                             -4.154619   data arrival time
---------------------------------------------------------------------------------------------
                                              3.595381   slack (MET)




===========================================================================
report_checks --slack_max -0.01
============================================================================
======================= min_tt_025C_1v80 Corner ===================================

No paths found.


===========================================================================
 report_check_types -max_slew -max_cap -max_fanout -violators
============================================================================
======================= min_tt_025C_1v80 Corner ===================================



===========================================================================
report_parasitic_annotation -report_unannotated
============================================================================
Found 0 unannotated drivers.
Found 0 partially unannotated drivers.

===========================================================================
max slew violation count 0
max fanout violation count 0
max cap violation count 0
============================================================================

===========================================================================
check_setup -verbose -unconstrained_endpoints -multiple_clock -no_clock -no_input_delay -loops -generated_clocks
===========================================================================
