
===========================================================================
 report_power
============================================================================
======================= min_tt_025C_1v80 Corner ===================================

Group                    Internal    Switching      Leakage        Total
                            Power        Power        Power        Power (Watts)
------------------------------------------------------------------------
Sequential           0.000000e+00 0.000000e+00 0.000000e+00 0.000000e+00   0.0%
Combinational        1.779623e-05 2.934014e-05 3.403018e-10 4.713671e-05 100.0%
Clock                4.634174e-11 0.000000e+00 4.212099e-10 4.675516e-10   0.0%
Macro                0.000000e+00 0.000000e+00 0.000000e+00 0.000000e+00   0.0%
Pad                  0.000000e+00 0.000000e+00 0.000000e+00 0.000000e+00   0.0%
------------------------------------------------------------------------
Total                1.779627e-05 2.934014e-05 7.615117e-10 4.713717e-05 100.0%
                            37.8%        62.2%         0.0%

