
===========================================================================
report_checks -unconstrained
===========================================================================
======================= max_ss_100C_1v60 Corner ===================================

Startpoint: operand_a[0] (input port clocked by clk)
Endpoint: zero (output port clocked by clk)
Path Group: clk
Path Type: max

Fanout         Cap        Slew       Delay        Time   Description
---------------------------------------------------------------------------------------------
                      0.000000    0.000000    0.000000   clock clk (rise edge)
                                  0.000000    0.000000   clock network delay (ideal)
                                  2.000000    2.000000 ^ input external delay
     1    0.002543    0.030551    0.014471    2.014471 ^ operand_a[0] (in)
                                                         operand_a[0] (net)
                      0.030551    0.000000    2.014471 ^ input6/A (sky130_fd_sc_hd__dlymetal6s2s_1)
     4    0.022453    0.363355    0.353066    2.367537 ^ input6/X (sky130_fd_sc_hd__dlymetal6s2s_1)
                                                         net6 (net)
                      0.363376    0.002317    2.369854 ^ _089_/A (sky130_fd_sc_hd__or2_1)
     3    0.017598    0.270926    0.429290    2.799144 ^ _089_/X (sky130_fd_sc_hd__or2_1)
                                                         _022_ (net)
                      0.270931    0.001642    2.800786 ^ _091_/C (sky130_fd_sc_hd__nand3_2)
     5    0.018558    0.275247    0.354619    3.155405 v _091_/Y (sky130_fd_sc_hd__nand3_2)
                                                         _024_ (net)
                      0.275250    0.001476    3.156881 v _119_/B (sky130_fd_sc_hd__nor4_1)
     2    0.007624    0.665860    0.758102    3.914983 ^ _119_/Y (sky130_fd_sc_hd__nor4_1)
                                                         _050_ (net)
                      0.665860    0.000638    3.915621 ^ wire20/A (sky130_fd_sc_hd__clkbuf_1)
     2    0.007485    0.159608    0.394636    4.310256 ^ wire20/X (sky130_fd_sc_hd__clkbuf_1)
                                                         net20 (net)
                      0.159608    0.000533    4.310790 ^ _130_/A (sky130_fd_sc_hd__nand3_1)
     2    0.006534    0.217701    0.235419    4.546209 v _130_/Y (sky130_fd_sc_hd__nand3_1)
                                                         _060_ (net)
                      0.217701    0.000370    4.546579 v _133_/A3 (sky130_fd_sc_hd__a31o_1)
     1    0.001783    0.057373    0.436739    4.983317 v _133_/X (sky130_fd_sc_hd__a31o_1)
                                                         _063_ (net)
                      0.057373    0.000112    4.983429 v _134_/B1_N (sky130_fd_sc_hd__o21bai_2)
     2    0.024428    0.255903    0.521105    5.504534 v _134_/Y (sky130_fd_sc_hd__o21bai_2)
                                                         net18 (net)
                      0.255922    0.002410    5.506944 v _135_/D (sky130_fd_sc_hd__nor4_1)
     1    0.003055    0.399601    0.367104    5.874047 ^ _135_/Y (sky130_fd_sc_hd__nor4_1)
                                                         net19 (net)
                      0.399601    0.000118    5.874165 ^ output19/A (sky130_fd_sc_hd__buf_2)
     1    0.034109    0.272273    0.482234    6.356399 ^ output19/X (sky130_fd_sc_hd__buf_2)
                                                         zero (net)
                      0.272279    0.001644    6.358043 ^ zero (out)
                                              6.358043   data arrival time

                      0.000000   10.000000   10.000000   clock clk (rise edge)
                                  0.000000   10.000000   clock network delay (ideal)
                                 -0.250000    9.750000   clock uncertainty
                                  0.000000    9.750000   clock reconvergence pessimism
                                 -2.000000    7.750000   output external delay
                                              7.750000   data required time
---------------------------------------------------------------------------------------------
                                              7.750000   data required time
                                             -6.358043   data arrival time
---------------------------------------------------------------------------------------------
                                              1.391957   slack (MET)




===========================================================================
report_checks --slack_max -0.01
============================================================================
======================= max_ss_100C_1v60 Corner ===================================

No paths found.


===========================================================================
 report_check_types -max_slew -max_cap -max_fanout -violators
============================================================================
======================= max_ss_100C_1v60 Corner ===================================



===========================================================================
report_parasitic_annotation -report_unannotated
============================================================================
Found 0 unannotated drivers.
Found 0 partially unannotated drivers.

===========================================================================
max slew violation count 0
max fanout violation count 0
max cap violation count 0
============================================================================

===========================================================================
check_setup -verbose -unconstrained_endpoints -multiple_clock -no_clock -no_input_delay -loops -generated_clocks
===========================================================================
