
===========================================================================
report_checks -unconstrained
===========================================================================
======================= max_tt_025C_1v80 Corner ===================================

Startpoint: operand_a[0] (input port clocked by clk)
Endpoint: zero (output port clocked by clk)
Path Group: clk
Path Type: max

Fanout         Cap        Slew       Delay        Time   Description
---------------------------------------------------------------------------------------------
                      0.000000    0.000000    0.000000   clock clk (rise edge)
                                  0.000000    0.000000   clock network delay (ideal)
                                  2.000000    2.000000 ^ input external delay
     1    0.002647    0.019074    0.009818    2.009818 ^ operand_a[0] (in)
                                                         operand_a[0] (net)
                      0.019074    0.000000    2.009818 ^ input6/A (sky130_fd_sc_hd__dlymetal6s2s_1)
     4    0.022667    0.239917    0.215569    2.225388 ^ input6/X (sky130_fd_sc_hd__dlymetal6s2s_1)
                                                         net6 (net)
                      0.239951    0.002342    2.227729 ^ _089_/A (sky130_fd_sc_hd__or2_1)
     3    0.017636    0.171337    0.234888    2.462617 ^ _089_/X (sky130_fd_sc_hd__or2_1)
                                                         _022_ (net)
                      0.171414    0.001645    2.464262 ^ _091_/C (sky130_fd_sc_hd__nand3_2)
     5    0.018488    0.127675    0.153131    2.617393 v _091_/Y (sky130_fd_sc_hd__nand3_2)
                                                         _024_ (net)
                      0.127701    0.001466    2.618860 v _119_/B (sky130_fd_sc_hd__nor4_1)
     2    0.007702    0.387180    0.412730    3.031589 ^ _119_/Y (sky130_fd_sc_hd__nor4_1)
                                                         _050_ (net)
                      0.387182    0.000647    3.032236 ^ wire20/A (sky130_fd_sc_hd__clkbuf_1)
     2    0.007506    0.098011    0.169136    3.201372 ^ wire20/X (sky130_fd_sc_hd__clkbuf_1)
                                                         net20 (net)
                      0.098012    0.000534    3.201906 ^ _130_/A (sky130_fd_sc_hd__nand3_1)
     2    0.006468    0.101048    0.101174    3.303080 v _130_/Y (sky130_fd_sc_hd__nand3_1)
                                                         _060_ (net)
                      0.101048    0.000366    3.303446 v _133_/A3 (sky130_fd_sc_hd__a31o_1)
     1    0.001834    0.032529    0.225787    3.529233 v _133_/X (sky130_fd_sc_hd__a31o_1)
                                                         _063_ (net)
                      0.032529    0.000116    3.529349 v _134_/B1_N (sky130_fd_sc_hd__o21bai_2)
     2    0.024415    0.123438    0.244121    3.773471 v _134_/Y (sky130_fd_sc_hd__o21bai_2)
                                                         net18 (net)
                      0.123493    0.002402    3.775872 v _135_/D (sky130_fd_sc_hd__nor4_1)
     1    0.003109    0.228001    0.194198    3.970071 ^ _135_/Y (sky130_fd_sc_hd__nor4_1)
                                                         net19 (net)
                      0.228001    0.000120    3.970191 ^ output19/A (sky130_fd_sc_hd__buf_2)
     1    0.034109    0.170174    0.253959    4.224150 ^ output19/X (sky130_fd_sc_hd__buf_2)
                                                         zero (net)
                      0.170188    0.001643    4.225793 ^ zero (out)
                                              4.225793   data arrival time

                      0.000000   10.000000   10.000000   clock clk (rise edge)
                                  0.000000   10.000000   clock network delay (ideal)
                                 -0.250000    9.750000   clock uncertainty
                                  0.000000    9.750000   clock reconvergence pessimism
                                 -2.000000    7.750000   output external delay
                                              7.750000   data required time
---------------------------------------------------------------------------------------------
                                              7.750000   data required time
                                             -4.225793   data arrival time
---------------------------------------------------------------------------------------------
                                              3.524207   slack (MET)




===========================================================================
report_checks --slack_max -0.01
============================================================================
======================= max_tt_025C_1v80 Corner ===================================

No paths found.


===========================================================================
 report_check_types -max_slew -max_cap -max_fanout -violators
============================================================================
======================= max_tt_025C_1v80 Corner ===================================



===========================================================================
report_parasitic_annotation -report_unannotated
============================================================================
Found 0 unannotated drivers.
Found 0 partially unannotated drivers.

===========================================================================
max slew violation count 0
max fanout violation count 0
max cap violation count 0
============================================================================

===========================================================================
check_setup -verbose -unconstrained_endpoints -multiple_clock -no_clock -no_input_delay -loops -generated_clocks
===========================================================================
