
===========================================================================
 report_power
============================================================================
======================= max_tt_025C_1v80 Corner ===================================

Group                    Internal    Switching      Leakage        Total
                            Power        Power        Power        Power (Watts)
------------------------------------------------------------------------
Sequential           0.000000e+00 0.000000e+00 0.000000e+00 0.000000e+00   0.0%
Combinational        1.780297e-05 3.093927e-05 3.403018e-10 4.874258e-05 100.0%
Clock                4.644889e-11 0.000000e+00 4.212099e-10 4.676587e-10   0.0%
Macro                0.000000e+00 0.000000e+00 0.000000e+00 0.000000e+00   0.0%
Pad                  0.000000e+00 0.000000e+00 0.000000e+00 0.000000e+00   0.0%
------------------------------------------------------------------------
Total                1.780301e-05 3.093927e-05 7.615117e-10 4.874305e-05 100.0%
                            36.5%        63.5%         0.0%

