
===========================================================================
report_checks -unconstrained
===========================================================================
======================= nom_ss_100C_1v60 Corner ===================================

Startpoint: operand_a[1] (input port clocked by clk)
Endpoint: zero (output port clocked by clk)
Path Group: clk
Path Type: max

Fanout         Cap        Slew       Delay        Time   Description
---------------------------------------------------------------------------------------------
                      0.000000    0.000000    0.000000   clock clk (rise edge)
                                  0.000000    0.000000   clock network delay (ideal)
                                  2.000000    2.000000 v input external delay
     1    0.002468    0.017205    0.008191    2.008191 v operand_a[1] (in)
                                                         operand_a[1] (net)
                      0.017205    0.000000    2.008191 v input7/A (sky130_fd_sc_hd__buf_2)
     4    0.028874    0.144952    0.302832    2.311024 v input7/X (sky130_fd_sc_hd__buf_2)
                                                         net7 (net)
                      0.144976    0.001869    2.312892 v _079_/A (sky130_fd_sc_hd__xnor2_4)
     7    0.029062    0.400082    0.453181    2.766073 ^ _079_/Y (sky130_fd_sc_hd__xnor2_4)
                                                         _012_ (net)
                      0.400083    0.000587    2.766660 ^ _082_/A1 (sky130_fd_sc_hd__a21o_1)
     2    0.012182    0.181772    0.416088    3.182748 ^ _082_/X (sky130_fd_sc_hd__a21o_1)
                                                         _015_ (net)
                      0.181772    0.000477    3.183225 ^ _084_/A2 (sky130_fd_sc_hd__a21o_1)
     3    0.014878    0.214749    0.372283    3.555508 ^ _084_/X (sky130_fd_sc_hd__a21o_1)
                                                         _017_ (net)
                      0.214749    0.000466    3.555973 ^ _085_/B (sky130_fd_sc_hd__nand2b_1)
     1    0.008404    0.169696    0.231093    3.787066 v _085_/Y (sky130_fd_sc_hd__nand2b_1)
                                                         _018_ (net)
                      0.169696    0.000302    3.787368 v _099_/A2 (sky130_fd_sc_hd__a32o_1)
     1    0.003845    0.080650    0.489955    4.277323 v _099_/X (sky130_fd_sc_hd__a32o_1)
                                                         _032_ (net)
                      0.080650    0.000122    4.277444 v _100_/A (sky130_fd_sc_hd__or3b_1)
     2    0.011777    0.233590    0.984255    5.261700 v _100_/X (sky130_fd_sc_hd__or3b_1)
                                                         net15 (net)
                      0.233590    0.000565    5.262265 v _135_/A (sky130_fd_sc_hd__nor4_1)
     1    0.003018    0.405912    0.541178    5.803443 ^ _135_/Y (sky130_fd_sc_hd__nor4_1)
                                                         net19 (net)
                      0.405912    0.000063    5.803506 ^ output19/A (sky130_fd_sc_hd__buf_2)
     1    0.034067    0.271796    0.485156    6.288662 ^ output19/X (sky130_fd_sc_hd__buf_2)
                                                         zero (net)
                      0.271796    0.000657    6.289319 ^ zero (out)
                                              6.289319   data arrival time

                      0.000000   10.000000   10.000000   clock clk (rise edge)
                                  0.000000   10.000000   clock network delay (ideal)
                                 -0.250000    9.750000   clock uncertainty
                                  0.000000    9.750000   clock reconvergence pessimism
                                 -2.000000    7.750000   output external delay
                                              7.750000   data required time
---------------------------------------------------------------------------------------------
                                              7.750000   data required time
                                             -6.289319   data arrival time
---------------------------------------------------------------------------------------------
                                              1.460681   slack (MET)




===========================================================================
report_checks --slack_max -0.01
============================================================================
======================= nom_ss_100C_1v60 Corner ===================================

No paths found.


===========================================================================
 report_check_types -max_slew -max_cap -max_fanout -violators
============================================================================
======================= nom_ss_100C_1v60 Corner ===================================



===========================================================================
report_parasitic_annotation -report_unannotated
============================================================================
Found 0 unannotated drivers.
Found 0 partially unannotated drivers.

===========================================================================
max slew violation count 0
max fanout violation count 0
max cap violation count 0
============================================================================

===========================================================================
check_setup -verbose -unconstrained_endpoints -multiple_clock -no_clock -no_input_delay -loops -generated_clocks
===========================================================================
