
===========================================================================
report_checks -unconstrained
===========================================================================
======================= min_ss_100C_1v60 Corner ===================================

Startpoint: operand_a[3] (input port clocked by clk)
Endpoint: zero (output port clocked by clk)
Path Group: clk
Path Type: max

Fanout         Cap        Slew       Delay        Time   Description
---------------------------------------------------------------------------------------------
                      0.000000    0.000000    0.000000   clock clk (rise edge)
                                  0.000000    0.000000   clock network delay (ideal)
                                  2.000000    2.000000 v input external delay
     1    0.002924    0.018934    0.009611    2.009611 v operand_a[3] (in)
                                                         operand_a[3] (net)
                      0.018934    0.000000    2.009611 v input9/A (sky130_fd_sc_hd__buf_1)
     4    0.014703    0.174474    0.236206    2.245816 v input9/X (sky130_fd_sc_hd__buf_1)
                                                         net9 (net)
                      0.174474    0.000546    2.246362 v _071_/A (sky130_fd_sc_hd__or2_1)
     2    0.005218    0.119409    0.567973    2.814336 v _071_/X (sky130_fd_sc_hd__or2_1)
                                                         _004_ (net)
                      0.119409    0.000059    2.814395 v _073_/A (sky130_fd_sc_hd__and2_2)
     6    0.022319    0.147745    0.469526    3.283921 v _073_/X (sky130_fd_sc_hd__and2_2)
                                                         _006_ (net)
                      0.147745    0.000520    3.284441 v _128_/A (sky130_fd_sc_hd__or3_1)
     2    0.005875    0.168226    0.919503    4.203944 v _128_/X (sky130_fd_sc_hd__or3_1)
                                                         _058_ (net)
                      0.168226    0.000062    4.204006 v _129_/A2 (sky130_fd_sc_hd__a21o_1)
     1    0.003021    0.061513    0.356635    4.560641 v _129_/X (sky130_fd_sc_hd__a21o_1)
                                                         _059_ (net)
                      0.061513    0.000032    4.560672 v _133_/A2 (sky130_fd_sc_hd__a31o_1)
     1    0.001659    0.056355    0.345982    4.906654 v _133_/X (sky130_fd_sc_hd__a31o_1)
                                                         _063_ (net)
                      0.056355    0.000014    4.906669 v _134_/B1_N (sky130_fd_sc_hd__o21bai_2)
     2    0.021538    0.233198    0.503086    5.409755 v _134_/Y (sky130_fd_sc_hd__o21bai_2)
                                                         net18 (net)
                      0.233198    0.000796    5.410551 v _135_/D (sky130_fd_sc_hd__nor4_1)
     1    0.002878    0.396426    0.349863    5.760414 ^ _135_/Y (sky130_fd_sc_hd__nor4_1)
                                                         net19 (net)
                      0.396426    0.000022    5.760436 ^ output19/A (sky130_fd_sc_hd__buf_2)
     1    0.034027    0.271352    0.481583    6.242019 ^ output19/X (sky130_fd_sc_hd__buf_2)
                                                         zero (net)
                      0.271352    0.000200    6.242219 ^ zero (out)
                                              6.242219   data arrival time

                      0.000000   10.000000   10.000000   clock clk (rise edge)
                                  0.000000   10.000000   clock network delay (ideal)
                                 -0.250000    9.750000   clock uncertainty
                                  0.000000    9.750000   clock reconvergence pessimism
                                 -2.000000    7.750000   output external delay
                                              7.750000   data required time
---------------------------------------------------------------------------------------------
                                              7.750000   data required time
                                             -6.242219   data arrival time
---------------------------------------------------------------------------------------------
                                              1.507781   slack (MET)




===========================================================================
report_checks --slack_max -0.01
============================================================================
======================= min_ss_100C_1v60 Corner ===================================

No paths found.


===========================================================================
 report_check_types -max_slew -max_cap -max_fanout -violators
============================================================================
======================= min_ss_100C_1v60 Corner ===================================



===========================================================================
report_parasitic_annotation -report_unannotated
============================================================================
Found 0 unannotated drivers.
Found 0 partially unannotated drivers.

===========================================================================
max slew violation count 0
max fanout violation count 0
max cap violation count 0
============================================================================

===========================================================================
check_setup -verbose -unconstrained_endpoints -multiple_clock -no_clock -no_input_delay -loops -generated_clocks
===========================================================================
