
===========================================================================
report_checks -unconstrained
===========================================================================
======================= nom_ff_n40C_1v95 Corner ===================================

Startpoint: operand_a[0] (input port clocked by clk)
Endpoint: zero (output port clocked by clk)
Path Group: clk
Path Type: max

Fanout         Cap        Slew       Delay        Time   Description
---------------------------------------------------------------------------------------------
                      0.000000    0.000000    0.000000   clock clk (rise edge)
                                  0.000000    0.000000   clock network delay (ideal)
                                  2.000000    2.000000 ^ input external delay
     1    0.002712    0.013604    0.007011    2.007011 ^ operand_a[0] (in)
                                                         operand_a[0] (net)
                      0.013604    0.000000    2.007011 ^ input6/A (sky130_fd_sc_hd__dlymetal6s2s_1)
     4    0.021889    0.178122    0.153769    2.160780 ^ input6/X (sky130_fd_sc_hd__dlymetal6s2s_1)
                                                         net6 (net)
                      0.178139    0.001430    2.162210 ^ _089_/A (sky130_fd_sc_hd__or2_1)
     3    0.016838    0.123254    0.146455    2.308666 ^ _089_/X (sky130_fd_sc_hd__or2_1)
                                                         _022_ (net)
                      0.123262    0.000835    2.309501 ^ _091_/C (sky130_fd_sc_hd__nand3_2)
     5    0.018027    0.081457    0.084946    2.394446 v _091_/Y (sky130_fd_sc_hd__nand3_2)
                                                         _024_ (net)
                      0.081468    0.000752    2.395198 v _119_/B (sky130_fd_sc_hd__nor4_1)
     2    0.007496    0.258785    0.265544    2.660742 ^ _119_/Y (sky130_fd_sc_hd__nor4_1)
                                                         _050_ (net)
                      0.258785    0.000280    2.661022 ^ wire20/A (sky130_fd_sc_hd__clkbuf_1)
     2    0.007263    0.070433    0.085894    2.746916 ^ wire20/X (sky130_fd_sc_hd__clkbuf_1)
                                                         net20 (net)
                      0.070433    0.000226    2.747142 ^ _130_/A (sky130_fd_sc_hd__nand3_1)
     2    0.006304    0.063919    0.054875    2.802018 v _130_/Y (sky130_fd_sc_hd__nand3_1)
                                                         _060_ (net)
                      0.063940    0.000151    2.802169 v _133_/A3 (sky130_fd_sc_hd__a31o_1)
     1    0.001848    0.024494    0.141539    2.943708 v _133_/X (sky130_fd_sc_hd__a31o_1)
                                                         _063_ (net)
                      0.024494    0.000051    2.943758 v _134_/B1_N (sky130_fd_sc_hd__o21bai_2)
     2    0.023168    0.078834    0.135369    3.079127 v _134_/Y (sky130_fd_sc_hd__o21bai_2)
                                                         net18 (net)
                      0.078866    0.001291    3.080418 v _135_/D (sky130_fd_sc_hd__nor4_1)
     1    0.003143    0.154430    0.126329    3.206748 ^ _135_/Y (sky130_fd_sc_hd__nor4_1)
                                                         net19 (net)
                      0.154430    0.000066    3.206814 ^ output19/A (sky130_fd_sc_hd__buf_2)
     1    0.034067    0.127590    0.162646    3.369460 ^ output19/X (sky130_fd_sc_hd__buf_2)
                                                         zero (net)
                      0.127591    0.000657    3.370116 ^ zero (out)
                                              3.370116   data arrival time

                      0.000000   10.000000   10.000000   clock clk (rise edge)
                                  0.000000   10.000000   clock network delay (ideal)
                                 -0.250000    9.750000   clock uncertainty
                                  0.000000    9.750000   clock reconvergence pessimism
                                 -2.000000    7.750000   output external delay
                                              7.750000   data required time
---------------------------------------------------------------------------------------------
                                              7.750000   data required time
                                             -3.370116   data arrival time
---------------------------------------------------------------------------------------------
                                              4.379884   slack (MET)




===========================================================================
report_checks --slack_max -0.01
============================================================================
======================= nom_ff_n40C_1v95 Corner ===================================

No paths found.


===========================================================================
 report_check_types -max_slew -max_cap -max_fanout -violators
============================================================================
======================= nom_ff_n40C_1v95 Corner ===================================



===========================================================================
report_parasitic_annotation -report_unannotated
============================================================================
Found 0 unannotated drivers.
Found 0 partially unannotated drivers.

===========================================================================
max slew violation count 0
max fanout violation count 0
max cap violation count 0
============================================================================

===========================================================================
check_setup -verbose -unconstrained_endpoints -multiple_clock -no_clock -no_input_delay -loops -generated_clocks
===========================================================================
