
===========================================================================
 report_power
============================================================================
======================= nom_ff_n40C_1v95 Corner ===================================

Group                    Internal    Switching      Leakage        Total
                            Power        Power        Power        Power (Watts)
------------------------------------------------------------------------
Sequential           0.000000e+00 0.000000e+00 0.000000e+00 0.000000e+00   0.0%
Combinational        1.957793e-05 3.564366e-05 6.662778e-10 5.522225e-05 100.0%
Clock                -1.657395e-11 0.000000e+00 4.943305e-10 4.777566e-10   0.0%
Macro                0.000000e+00 0.000000e+00 0.000000e+00 0.000000e+00   0.0%
Pad                  0.000000e+00 0.000000e+00 0.000000e+00 0.000000e+00   0.0%
------------------------------------------------------------------------
Total                1.957791e-05 3.564366e-05 1.160608e-09 5.522273e-05 100.0%
                            35.5%        64.5%         0.0%

