
===========================================================================
report_checks -unconstrained
===========================================================================
======================= max_ff_n40C_1v95 Corner ===================================

Startpoint: operand_a[0] (input port clocked by clk)
Endpoint: zero (output port clocked by clk)
Path Group: clk
Path Type: max

Fanout         Cap        Slew       Delay        Time   Description
---------------------------------------------------------------------------------------------
                      0.000000    0.000000    0.000000   clock clk (rise edge)
                                  0.000000    0.000000   clock network delay (ideal)
                                  2.000000    2.000000 ^ input external delay
     1    0.002771    0.013813    0.007199    2.007199 ^ operand_a[0] (in)
                                                         operand_a[0] (net)
                      0.013815    0.000000    2.007199 ^ input6/A (sky130_fd_sc_hd__dlymetal6s2s_1)
     4    0.022888    0.184731    0.158308    2.165507 ^ input6/X (sky130_fd_sc_hd__dlymetal6s2s_1)
                                                         net6 (net)
                      0.184777    0.002367    2.167874 ^ _089_/A (sky130_fd_sc_hd__or2_1)
     3    0.017703    0.129242    0.150428    2.318302 ^ _089_/X (sky130_fd_sc_hd__or2_1)
                                                         _022_ (net)
                      0.129273    0.001650    2.319953 ^ _091_/C (sky130_fd_sc_hd__nand3_2)
     5    0.018622    0.083876    0.086439    2.406392 v _091_/Y (sky130_fd_sc_hd__nand3_2)
                                                         _024_ (net)
                      0.083918    0.001472    2.407864 v _119_/B (sky130_fd_sc_hd__nor4_1)
     2    0.007787    0.265987    0.271658    2.679522 ^ _119_/Y (sky130_fd_sc_hd__nor4_1)
                                                         _050_ (net)
                      0.265990    0.000656    2.680178 ^ wire20/A (sky130_fd_sc_hd__clkbuf_1)
     2    0.007574    0.073066    0.087469    2.767647 ^ wire20/X (sky130_fd_sc_hd__clkbuf_1)
                                                         net20 (net)
                      0.073072    0.000539    2.768186 ^ _130_/A (sky130_fd_sc_hd__nand3_1)
     2    0.006504    0.065623    0.056116    2.824301 v _130_/Y (sky130_fd_sc_hd__nand3_1)
                                                         _060_ (net)
                      0.065626    0.000368    2.824670 v _133_/A3 (sky130_fd_sc_hd__a31o_1)
     1    0.001916    0.024707    0.142487    2.967157 v _133_/X (sky130_fd_sc_hd__a31o_1)
                                                         _063_ (net)
                      0.024707    0.000123    2.967279 v _134_/B1_N (sky130_fd_sc_hd__o21bai_2)
     2    0.024489    0.082730    0.137159    3.104438 v _134_/Y (sky130_fd_sc_hd__o21bai_2)
                                                         net18 (net)
                      0.082835    0.002403    3.106841 v _135_/D (sky130_fd_sc_hd__nor4_1)
     1    0.003180    0.155276    0.128413    3.235254 ^ _135_/Y (sky130_fd_sc_hd__nor4_1)
                                                         net19 (net)
                      0.155276    0.000124    3.235378 ^ output19/A (sky130_fd_sc_hd__buf_2)
     1    0.034109    0.127429    0.162219    3.397597 ^ output19/X (sky130_fd_sc_hd__buf_2)
                                                         zero (net)
                      0.127501    0.001643    3.399240 ^ zero (out)
                                              3.399240   data arrival time

                      0.000000   10.000000   10.000000   clock clk (rise edge)
                                  0.000000   10.000000   clock network delay (ideal)
                                 -0.250000    9.750000   clock uncertainty
                                  0.000000    9.750000   clock reconvergence pessimism
                                 -2.000000    7.750000   output external delay
                                              7.750000   data required time
---------------------------------------------------------------------------------------------
                                              7.750000   data required time
                                             -3.399240   data arrival time
---------------------------------------------------------------------------------------------
                                              4.350760   slack (MET)




===========================================================================
report_checks --slack_max -0.01
============================================================================
======================= max_ff_n40C_1v95 Corner ===================================

No paths found.


===========================================================================
 report_check_types -max_slew -max_cap -max_fanout -violators
============================================================================
======================= max_ff_n40C_1v95 Corner ===================================



===========================================================================
report_parasitic_annotation -report_unannotated
============================================================================
Found 0 unannotated drivers.
Found 0 partially unannotated drivers.

===========================================================================
max slew violation count 0
max fanout violation count 0
max cap violation count 0
============================================================================

===========================================================================
check_setup -verbose -unconstrained_endpoints -multiple_clock -no_clock -no_input_delay -loops -generated_clocks
===========================================================================
