
===========================================================================
report_checks -unconstrained
===========================================================================
======================= min_ff_n40C_1v95 Corner ===================================

Startpoint: operand_a[0] (input port clocked by clk)
Endpoint: zero (output port clocked by clk)
Path Group: clk
Path Type: max

Fanout         Cap        Slew       Delay        Time   Description
---------------------------------------------------------------------------------------------
                      0.000000    0.000000    0.000000   clock clk (rise edge)
                                  0.000000    0.000000   clock network delay (ideal)
                                  2.000000    2.000000 ^ input external delay
     1    0.002655    0.013402    0.006846    2.006846 ^ operand_a[0] (in)
                                                         operand_a[0] (net)
                      0.013402    0.000000    2.006846 ^ input6/A (sky130_fd_sc_hd__dlymetal6s2s_1)
     4    0.021105    0.172581    0.150084    2.156929 ^ input6/X (sky130_fd_sc_hd__dlymetal6s2s_1)
                                                         net6 (net)
                      0.172589    0.000964    2.157893 ^ _089_/A (sky130_fd_sc_hd__or2_1)
     3    0.016191    0.118798    0.143295    2.301188 ^ _089_/X (sky130_fd_sc_hd__or2_1)
                                                         _022_ (net)
                      0.118801    0.000498    2.301687 ^ _091_/C (sky130_fd_sc_hd__nand3_2)
     5    0.017287    0.078791    0.082756    2.384443 v _091_/Y (sky130_fd_sc_hd__nand3_2)
                                                         _024_ (net)
                      0.078795    0.000432    2.384875 v _119_/B (sky130_fd_sc_hd__nor4_1)
     2    0.007279    0.253445    0.260654    2.645529 ^ _119_/Y (sky130_fd_sc_hd__nor4_1)
                                                         _050_ (net)
                      0.253445    0.000130    2.645658 ^ wire20/A (sky130_fd_sc_hd__clkbuf_1)
     2    0.007041    0.068576    0.084704    2.730362 ^ wire20/X (sky130_fd_sc_hd__clkbuf_1)
                                                         net20 (net)
                      0.068576    0.000107    2.730469 ^ _130_/A (sky130_fd_sc_hd__nand3_1)
     2    0.006145    0.062535    0.053910    2.784379 v _130_/Y (sky130_fd_sc_hd__nand3_1)
                                                         _060_ (net)
                      0.062535    0.000059    2.784438 v _133_/A3 (sky130_fd_sc_hd__a31o_1)
     1    0.001792    0.024324    0.140752    2.925189 v _133_/X (sky130_fd_sc_hd__a31o_1)
                                                         _063_ (net)
                      0.024324    0.000015    2.925205 v _134_/B1_N (sky130_fd_sc_hd__o21bai_2)
     2    0.021599    0.074577    0.132747    3.057952 v _134_/Y (sky130_fd_sc_hd__o21bai_2)
                                                         net18 (net)
                      0.074589    0.000793    3.058745 v _135_/D (sky130_fd_sc_hd__nor4_1)
     1    0.003003    0.154670    0.122194    3.180940 ^ _135_/Y (sky130_fd_sc_hd__nor4_1)
                                                         net19 (net)
                      0.154670    0.000023    3.180963 ^ output19/A (sky130_fd_sc_hd__buf_2)
     1    0.034027    0.127374    0.162884    3.343847 ^ output19/X (sky130_fd_sc_hd__buf_2)
                                                         zero (net)
                      0.127374    0.000201    3.344047 ^ zero (out)
                                              3.344047   data arrival time

                      0.000000   10.000000   10.000000   clock clk (rise edge)
                                  0.000000   10.000000   clock network delay (ideal)
                                 -0.250000    9.750000   clock uncertainty
                                  0.000000    9.750000   clock reconvergence pessimism
                                 -2.000000    7.750000   output external delay
                                              7.750000   data required time
---------------------------------------------------------------------------------------------
                                              7.750000   data required time
                                             -3.344047   data arrival time
---------------------------------------------------------------------------------------------
                                              4.405952   slack (MET)




===========================================================================
report_checks --slack_max -0.01
============================================================================
======================= min_ff_n40C_1v95 Corner ===================================

No paths found.


===========================================================================
 report_check_types -max_slew -max_cap -max_fanout -violators
============================================================================
======================= min_ff_n40C_1v95 Corner ===================================



===========================================================================
report_parasitic_annotation -report_unannotated
============================================================================
Found 0 unannotated drivers.
Found 0 partially unannotated drivers.

===========================================================================
max slew violation count 0
max fanout violation count 0
max cap violation count 0
============================================================================

===========================================================================
check_setup -verbose -unconstrained_endpoints -multiple_clock -no_clock -no_input_delay -loops -generated_clocks
===========================================================================
